// Jest Snapshot v1, https://goo.gl/fbAQLP

exports[`components <DashboardX/> renders correctly 1`] = `null`;
